EEEEE                                                                    [100%]
=================================== ERRORS ====================================
____________ ERROR at setup of test_circuit_breaker_trip[asyncio] _____________

self = <sqlalchemy.orm.clsregistry._class_resolver object at 0x0000020C0BE58700>

    def _resolve_name(self) -> Union[Table, Type[Any], _ModNS]:
        name = self.arg
        d = self._dict
        rval = None
        try:
            for token in name.split("."):
                if rval is None:
>                   rval = d[token]
                           ^^^^^^^^

..\..\..\AppData\Roaming\Python\Python314\site-packages\sqlalchemy\orm\clsregistry.py:516: 
_ _ _ _ _ _ _ _ _ _ _ _ _ _ _ _ _ _ _ _ _ _ _ _ _ _ _ _ _ _ _ _ _ _ _ _ _ _ _ _
..\..\..\AppData\Roaming\Python\Python314\site-packages\sqlalchemy\util\_collections.py:345: in __missing__
    self[key] = val = self.creator(key)
                      ^^^^^^^^^^^^^^^^^
_ _ _ _ _ _ _ _ _ _ _ _ _ _ _ _ _ _ _ _ _ _ _ _ _ _ _ _ _ _ _ _ _ _ _ _ _ _ _ _

self = <sqlalchemy.orm.clsregistry._class_resolver object at 0x0000020C0BE58700>
key = 'ABSBundle'

    def _access_cls(self, key: str) -> Any:
        cls = self.cls
    
        manager = attributes.manager_of_class(cls)
        decl_base = manager.registry
        assert decl_base is not None
        decl_class_registry = decl_base._class_registry
        metadata = decl_base.metadata
    
        if self.favor_tables:
            if key in metadata.tables:
                return metadata.tables[key]
            elif key in metadata._schemas:
                return _GetTable(key, getattr(cls, "metadata", metadata))
    
        if key in decl_class_registry:
            return _determine_container(key, decl_class_registry[key])
    
        if not self.favor_tables:
            if key in metadata.tables:
                return metadata.tables[key]
            elif key in metadata._schemas:
                return _GetTable(key, getattr(cls, "metadata", metadata))
    
        if "_sa_module_registry" in decl_class_registry and key in cast(
            _ModuleMarker, decl_class_registry["_sa_module_registry"]
        ):
            registry = cast(
                _ModuleMarker, decl_class_registry["_sa_module_registry"]
            )
            return registry.resolve_attr(key)
        elif self._resolvers:
            for resolv in self._resolvers:
                value = resolv(key)
                if value is not None:
                    return value
    
>       return self.fallback[key]
               ^^^^^^^^^^^^^^^^^^
E       KeyError: 'ABSBundle'

..\..\..\AppData\Roaming\Python\Python314\site-packages\sqlalchemy\orm\clsregistry.py:484: KeyError

The above exception was the direct cause of the following exception:

db_engine = <sqlalchemy.ext.asyncio.engine.AsyncEngine object at 0x0000020C0B876B90>

    @pytest.fixture
    async def db(db_engine):
        """Create test database session"""
        SessionLocal = async_sessionmaker(db_engine, expire_on_commit=False, class_=AsyncSession)
        async with SessionLocal() as session:
            # Create a test enterprise and agency for scoping
>           ent = EnterpriseAccount(
                id=f"test-ent-{uuid.uuid4().hex[:4]}",
                name="Test Ent",
                domain=f"test{uuid.uuid4().hex[:4]}.com"
            )

backend\tests\test_orchestration_enhanced.py:44: 
_ _ _ _ _ _ _ _ _ _ _ _ _ _ _ _ _ _ _ _ _ _ _ _ _ _ _ _ _ _ _ _ _ _ _ _ _ _ _ _
<string>:4: in __init__
    ???
..\..\..\AppData\Roaming\Python\Python314\site-packages\sqlalchemy\orm\state.py:591: in _initialize_instance
    manager.dispatch.init(self, args, kwargs)
..\..\..\AppData\Roaming\Python\Python314\site-packages\sqlalchemy\event\attr.py:515: in __call__
    fn(*args, **kw)
..\..\..\AppData\Roaming\Python\Python314\site-packages\sqlalchemy\orm\mapper.py:4419: in _event_on_init
    instrumenting_mapper._check_configure()
..\..\..\AppData\Roaming\Python\Python314\site-packages\sqlalchemy\orm\mapper.py:2410: in _check_configure
    _configure_registries({self.registry}, cascade=True)
..\..\..\AppData\Roaming\Python\Python314\site-packages\sqlalchemy\orm\mapper.py:4227: in _configure_registries
    _do_configure_registries(registries, cascade)
..\..\..\AppData\Roaming\Python\Python314\site-packages\sqlalchemy\orm\mapper.py:4268: in _do_configure_registries
    mapper._post_configure_properties()
..\..\..\AppData\Roaming\Python\Python314\site-packages\sqlalchemy\orm\mapper.py:2427: in _post_configure_properties
    prop.init()
..\..\..\AppData\Roaming\Python\Python314\site-packages\sqlalchemy\orm\interfaces.py:595: in init
    self.do_init()
..\..\..\AppData\Roaming\Python\Python314\site-packages\sqlalchemy\orm\relationships.py:1655: in do_init
    self._setup_entity()
..\..\..\AppData\Roaming\Python\Python314\site-packages\sqlalchemy\orm\relationships.py:1865: in _setup_entity
    self._clsregistry_resolve_name(argument)(),
    ^^^^^^^^^^^^^^^^^^^^^^^^^^^^^^^^^^^^^^^^^^
..\..\..\AppData\Roaming\Python\Python314\site-packages\sqlalchemy\orm\clsregistry.py:520: in _resolve_name
    self._raise_for_name(name, err)
_ _ _ _ _ _ _ _ _ _ _ _ _ _ _ _ _ _ _ _ _ _ _ _ _ _ _ _ _ _ _ _ _ _ _ _ _ _ _ _

self = <sqlalchemy.orm.clsregistry._class_resolver object at 0x0000020C0BE58700>
name = 'ABSBundle', err = KeyError('ABSBundle')

    def _raise_for_name(self, name: str, err: Exception) -> NoReturn:
        generic_match = re.match(r"(.+)\[(.+)\]", name)
    
        if generic_match:
            clsarg = generic_match.group(2).strip("'")
            raise exc.InvalidRequestError(
                f"When initializing mapper {self.prop.parent}, "
                f'expression "relationship({self.arg!r})" seems to be '
                "using a generic class as the argument to relationship(); "
                "please state the generic argument "
                "using an annotation, e.g. "
                f'"{self.prop.key}: Mapped[{generic_match.group(1)}'
                f"['{clsarg}']] = relationship()\""
            ) from err
        else:
>           raise exc.InvalidRequestError(
                "When initializing mapper %s, expression %r failed to "
                "locate a name (%r). If this is a class name, consider "
                "adding this relationship() to the %r class after "
                "both dependent classes have been defined."
                % (self.prop.parent, self.arg, name, self.cls)
            ) from err
E           sqlalchemy.exc.InvalidRequestError: When initializing mapper Mapper[EnterpriseSubagency(EnterpriseSubagency)], expression 'ABSBundle' failed to locate a name ('ABSBundle'). If this is a class name, consider adding this relationship() to the <class 'app.models.EnterpriseSubagency'> class after both dependent classes have been defined.

..\..\..\AppData\Roaming\Python\Python314\site-packages\sqlalchemy\orm\clsregistry.py:501: InvalidRequestError
__________ ERROR at setup of test_circuit_breaker_recovery[asyncio] ___________

db_engine = <sqlalchemy.ext.asyncio.engine.AsyncEngine object at 0x0000020C0B876B90>

    @pytest.fixture
    async def db(db_engine):
        """Create test database session"""
        SessionLocal = async_sessionmaker(db_engine, expire_on_commit=False, class_=AsyncSession)
        async with SessionLocal() as session:
            # Create a test enterprise and agency for scoping
>           ent = EnterpriseAccount(
                id=f"test-ent-{uuid.uuid4().hex[:4]}",
                name="Test Ent",
                domain=f"test{uuid.uuid4().hex[:4]}.com"
            )

backend\tests\test_orchestration_enhanced.py:44: 
_ _ _ _ _ _ _ _ _ _ _ _ _ _ _ _ _ _ _ _ _ _ _ _ _ _ _ _ _ _ _ _ _ _ _ _ _ _ _ _
<string>:4: in __init__
    ???
..\..\..\AppData\Roaming\Python\Python314\site-packages\sqlalchemy\orm\state.py:591: in _initialize_instance
    manager.dispatch.init(self, args, kwargs)
..\..\..\AppData\Roaming\Python\Python314\site-packages\sqlalchemy\event\attr.py:515: in __call__
    fn(*args, **kw)
..\..\..\AppData\Roaming\Python\Python314\site-packages\sqlalchemy\orm\mapper.py:4419: in _event_on_init
    instrumenting_mapper._check_configure()
..\..\..\AppData\Roaming\Python\Python314\site-packages\sqlalchemy\orm\mapper.py:2410: in _check_configure
    _configure_registries({self.registry}, cascade=True)
..\..\..\AppData\Roaming\Python\Python314\site-packages\sqlalchemy\orm\mapper.py:4227: in _configure_registries
    _do_configure_registries(registries, cascade)
_ _ _ _ _ _ _ _ _ _ _ _ _ _ _ _ _ _ _ _ _ _ _ _ _ _ _ _ _ _ _ _ _ _ _ _ _ _ _ _

registries = set(), cascade = True

    @util.preload_module("sqlalchemy.orm.decl_api")
    def _do_configure_registries(
        registries: Set[_RegistryType], cascade: bool
    ) -> None:
        registry = util.preloaded.orm_decl_api.registry
    
        orig = set(registries)
    
        for reg in registry._recurse_with_dependencies(registries):
            has_skip = False
    
            for mapper in reg._mappers_to_configure():
                run_configure = None
    
                for fn in mapper.dispatch.before_mapper_configured:
                    run_configure = fn(mapper, mapper.class_)
                    if run_configure is EXT_SKIP:
                        has_skip = True
                        break
                if run_configure is EXT_SKIP:
                    continue
    
                if getattr(mapper, "_configure_failed", False):
                    e = sa_exc.InvalidRequestError(
                        "One or more mappers failed to initialize - "
                        "can't proceed with initialization of other "
                        "mappers. Triggering mapper: '%s'. "
                        "Original exception was: %s"
                        % (mapper, mapper._configure_failed)
                    )
                    e._configure_failed = mapper._configure_failed  # type: ignore
>                   raise e
E                   sqlalchemy.exc.InvalidRequestError: One or more mappers failed to initialize - can't proceed with initialization of other mappers. Triggering mapper: 'Mapper[EnterpriseSubagency(EnterpriseSubagency)]'. Original exception was: When initializing mapper Mapper[EnterpriseSubagency(EnterpriseSubagency)], expression 'ABSBundle' failed to locate a name ('ABSBundle'). If this is a class name, consider adding this relationship() to the <class 'app.models.EnterpriseSubagency'> class after both dependent classes have been defined.

..\..\..\AppData\Roaming\Python\Python314\site-packages\sqlalchemy\orm\mapper.py:4264: InvalidRequestError
__________ ERROR at setup of test_slot_pack_apply_add_only[asyncio] ___________

db_engine = <sqlalchemy.ext.asyncio.engine.AsyncEngine object at 0x0000020C0B876B90>

    @pytest.fixture
    async def db(db_engine):
        """Create test database session"""
        SessionLocal = async_sessionmaker(db_engine, expire_on_commit=False, class_=AsyncSession)
        async with SessionLocal() as session:
            # Create a test enterprise and agency for scoping
>           ent = EnterpriseAccount(
                id=f"test-ent-{uuid.uuid4().hex[:4]}",
                name="Test Ent",
                domain=f"test{uuid.uuid4().hex[:4]}.com"
            )

backend\tests\test_orchestration_enhanced.py:44: 
_ _ _ _ _ _ _ _ _ _ _ _ _ _ _ _ _ _ _ _ _ _ _ _ _ _ _ _ _ _ _ _ _ _ _ _ _ _ _ _
<string>:4: in __init__
    ???
..\..\..\AppData\Roaming\Python\Python314\site-packages\sqlalchemy\orm\state.py:591: in _initialize_instance
    manager.dispatch.init(self, args, kwargs)
..\..\..\AppData\Roaming\Python\Python314\site-packages\sqlalchemy\event\attr.py:515: in __call__
    fn(*args, **kw)
..\..\..\AppData\Roaming\Python\Python314\site-packages\sqlalchemy\orm\mapper.py:4419: in _event_on_init
    instrumenting_mapper._check_configure()
..\..\..\AppData\Roaming\Python\Python314\site-packages\sqlalchemy\orm\mapper.py:2410: in _check_configure
    _configure_registries({self.registry}, cascade=True)
..\..\..\AppData\Roaming\Python\Python314\site-packages\sqlalchemy\orm\mapper.py:4227: in _configure_registries
    _do_configure_registries(registries, cascade)
_ _ _ _ _ _ _ _ _ _ _ _ _ _ _ _ _ _ _ _ _ _ _ _ _ _ _ _ _ _ _ _ _ _ _ _ _ _ _ _

registries = set(), cascade = True

    @util.preload_module("sqlalchemy.orm.decl_api")
    def _do_configure_registries(
        registries: Set[_RegistryType], cascade: bool
    ) -> None:
        registry = util.preloaded.orm_decl_api.registry
    
        orig = set(registries)
    
        for reg in registry._recurse_with_dependencies(registries):
            has_skip = False
    
            for mapper in reg._mappers_to_configure():
                run_configure = None
    
                for fn in mapper.dispatch.before_mapper_configured:
                    run_configure = fn(mapper, mapper.class_)
                    if run_configure is EXT_SKIP:
                        has_skip = True
                        break
                if run_configure is EXT_SKIP:
                    continue
    
                if getattr(mapper, "_configure_failed", False):
                    e = sa_exc.InvalidRequestError(
                        "One or more mappers failed to initialize - "
                        "can't proceed with initialization of other "
                        "mappers. Triggering mapper: '%s'. "
                        "Original exception was: %s"
                        % (mapper, mapper._configure_failed)
                    )
                    e._configure_failed = mapper._configure_failed  # type: ignore
>                   raise e
E                   sqlalchemy.exc.InvalidRequestError: One or more mappers failed to initialize - can't proceed with initialization of other mappers. Triggering mapper: 'Mapper[EnterpriseSubagency(EnterpriseSubagency)]'. Original exception was: When initializing mapper Mapper[EnterpriseSubagency(EnterpriseSubagency)], expression 'ABSBundle' failed to locate a name ('ABSBundle'). If this is a class name, consider adding this relationship() to the <class 'app.models.EnterpriseSubagency'> class after both dependent classes have been defined.

..\..\..\AppData\Roaming\Python\Python314\site-packages\sqlalchemy\orm\mapper.py:4264: InvalidRequestError
___________ ERROR at setup of test_slot_pack_apply_replace[asyncio] ___________

db_engine = <sqlalchemy.ext.asyncio.engine.AsyncEngine object at 0x0000020C0B876B90>

    @pytest.fixture
    async def db(db_engine):
        """Create test database session"""
        SessionLocal = async_sessionmaker(db_engine, expire_on_commit=False, class_=AsyncSession)
        async with SessionLocal() as session:
            # Create a test enterprise and agency for scoping
>           ent = EnterpriseAccount(
                id=f"test-ent-{uuid.uuid4().hex[:4]}",
                name="Test Ent",
                domain=f"test{uuid.uuid4().hex[:4]}.com"
            )

backend\tests\test_orchestration_enhanced.py:44: 
_ _ _ _ _ _ _ _ _ _ _ _ _ _ _ _ _ _ _ _ _ _ _ _ _ _ _ _ _ _ _ _ _ _ _ _ _ _ _ _
<string>:4: in __init__
    ???
..\..\..\AppData\Roaming\Python\Python314\site-packages\sqlalchemy\orm\state.py:591: in _initialize_instance
    manager.dispatch.init(self, args, kwargs)
..\..\..\AppData\Roaming\Python\Python314\site-packages\sqlalchemy\event\attr.py:515: in __call__
    fn(*args, **kw)
..\..\..\AppData\Roaming\Python\Python314\site-packages\sqlalchemy\orm\mapper.py:4419: in _event_on_init
    instrumenting_mapper._check_configure()
..\..\..\AppData\Roaming\Python\Python314\site-packages\sqlalchemy\orm\mapper.py:2410: in _check_configure
    _configure_registries({self.registry}, cascade=True)
..\..\..\AppData\Roaming\Python\Python314\site-packages\sqlalchemy\orm\mapper.py:4227: in _configure_registries
    _do_configure_registries(registries, cascade)
_ _ _ _ _ _ _ _ _ _ _ _ _ _ _ _ _ _ _ _ _ _ _ _ _ _ _ _ _ _ _ _ _ _ _ _ _ _ _ _

registries = set(), cascade = True

    @util.preload_module("sqlalchemy.orm.decl_api")
    def _do_configure_registries(
        registries: Set[_RegistryType], cascade: bool
    ) -> None:
        registry = util.preloaded.orm_decl_api.registry
    
        orig = set(registries)
    
        for reg in registry._recurse_with_dependencies(registries):
            has_skip = False
    
            for mapper in reg._mappers_to_configure():
                run_configure = None
    
                for fn in mapper.dispatch.before_mapper_configured:
                    run_configure = fn(mapper, mapper.class_)
                    if run_configure is EXT_SKIP:
                        has_skip = True
                        break
                if run_configure is EXT_SKIP:
                    continue
    
                if getattr(mapper, "_configure_failed", False):
                    e = sa_exc.InvalidRequestError(
                        "One or more mappers failed to initialize - "
                        "can't proceed with initialization of other "
                        "mappers. Triggering mapper: '%s'. "
                        "Original exception was: %s"
                        % (mapper, mapper._configure_failed)
                    )
                    e._configure_failed = mapper._configure_failed  # type: ignore
>                   raise e
E                   sqlalchemy.exc.InvalidRequestError: One or more mappers failed to initialize - can't proceed with initialization of other mappers. Triggering mapper: 'Mapper[EnterpriseSubagency(EnterpriseSubagency)]'. Original exception was: When initializing mapper Mapper[EnterpriseSubagency(EnterpriseSubagency)], expression 'ABSBundle' failed to locate a name ('ABSBundle'). If this is a class name, consider adding this relationship() to the <class 'app.models.EnterpriseSubagency'> class after both dependent classes have been defined.

..\..\..\AppData\Roaming\Python\Python314\site-packages\sqlalchemy\orm\mapper.py:4264: InvalidRequestError
____________ ERROR at setup of test_orchestrator_failover[asyncio] ____________

db_engine = <sqlalchemy.ext.asyncio.engine.AsyncEngine object at 0x0000020C0B876B90>

    @pytest.fixture
    async def db(db_engine):
        """Create test database session"""
        SessionLocal = async_sessionmaker(db_engine, expire_on_commit=False, class_=AsyncSession)
        async with SessionLocal() as session:
            # Create a test enterprise and agency for scoping
>           ent = EnterpriseAccount(
                id=f"test-ent-{uuid.uuid4().hex[:4]}",
                name="Test Ent",
                domain=f"test{uuid.uuid4().hex[:4]}.com"
            )

backend\tests\test_orchestration_enhanced.py:44: 
_ _ _ _ _ _ _ _ _ _ _ _ _ _ _ _ _ _ _ _ _ _ _ _ _ _ _ _ _ _ _ _ _ _ _ _ _ _ _ _
<string>:4: in __init__
    ???
..\..\..\AppData\Roaming\Python\Python314\site-packages\sqlalchemy\orm\state.py:591: in _initialize_instance
    manager.dispatch.init(self, args, kwargs)
..\..\..\AppData\Roaming\Python\Python314\site-packages\sqlalchemy\event\attr.py:515: in __call__
    fn(*args, **kw)
..\..\..\AppData\Roaming\Python\Python314\site-packages\sqlalchemy\orm\mapper.py:4419: in _event_on_init
    instrumenting_mapper._check_configure()
..\..\..\AppData\Roaming\Python\Python314\site-packages\sqlalchemy\orm\mapper.py:2410: in _check_configure
    _configure_registries({self.registry}, cascade=True)
..\..\..\AppData\Roaming\Python\Python314\site-packages\sqlalchemy\orm\mapper.py:4227: in _configure_registries
    _do_configure_registries(registries, cascade)
_ _ _ _ _ _ _ _ _ _ _ _ _ _ _ _ _ _ _ _ _ _ _ _ _ _ _ _ _ _ _ _ _ _ _ _ _ _ _ _

registries = set(), cascade = True

    @util.preload_module("sqlalchemy.orm.decl_api")
    def _do_configure_registries(
        registries: Set[_RegistryType], cascade: bool
    ) -> None:
        registry = util.preloaded.orm_decl_api.registry
    
        orig = set(registries)
    
        for reg in registry._recurse_with_dependencies(registries):
            has_skip = False
    
            for mapper in reg._mappers_to_configure():
                run_configure = None
    
                for fn in mapper.dispatch.before_mapper_configured:
                    run_configure = fn(mapper, mapper.class_)
                    if run_configure is EXT_SKIP:
                        has_skip = True
                        break
                if run_configure is EXT_SKIP:
                    continue
    
                if getattr(mapper, "_configure_failed", False):
                    e = sa_exc.InvalidRequestError(
                        "One or more mappers failed to initialize - "
                        "can't proceed with initialization of other "
                        "mappers. Triggering mapper: '%s'. "
                        "Original exception was: %s"
                        % (mapper, mapper._configure_failed)
                    )
                    e._configure_failed = mapper._configure_failed  # type: ignore
>                   raise e
E                   sqlalchemy.exc.InvalidRequestError: One or more mappers failed to initialize - can't proceed with initialization of other mappers. Triggering mapper: 'Mapper[EnterpriseSubagency(EnterpriseSubagency)]'. Original exception was: When initializing mapper Mapper[EnterpriseSubagency(EnterpriseSubagency)], expression 'ABSBundle' failed to locate a name ('ABSBundle'). If this is a class name, consider adding this relationship() to the <class 'app.models.EnterpriseSubagency'> class after both dependent classes have been defined.

..\..\..\AppData\Roaming\Python\Python314\site-packages\sqlalchemy\orm\mapper.py:4264: InvalidRequestError
=========================== short test summary info ===========================
ERROR backend\tests\test_orchestration_enhanced.py::test_circuit_breaker_trip[asyncio]
ERROR backend\tests\test_orchestration_enhanced.py::test_circuit_breaker_recovery[asyncio]
ERROR backend\tests\test_orchestration_enhanced.py::test_slot_pack_apply_add_only[asyncio]
ERROR backend\tests\test_orchestration_enhanced.py::test_slot_pack_apply_replace[asyncio]
ERROR backend\tests\test_orchestration_enhanced.py::test_orchestrator_failover[asyncio]
5 errors in 9.60s
